2026-01-06 22:05:42,583 - INFO - ============================================================
2026-01-06 22:05:42,584 - INFO - Mobility Online Partner Harvester - Batch 1
2026-01-06 22:05:42,584 - INFO - Timestamp: 2026-01-06T22:05:42.584076
2026-01-06 22:05:42,584 - INFO - ============================================================
2026-01-06 22:05:42,584 - INFO - 
[1/10] Processing TU Berlin...
2026-01-06 22:05:42,584 - INFO - 
============================================================
2026-01-06 22:05:42,584 - INFO - Harvesting: TU Berlin
2026-01-06 22:05:42,584 - INFO - URL: https://www.tu-berlin.de/international/menue/service/datenbanken/mobility_online/
2026-01-06 22:05:42,584 - INFO - ============================================================
2026-01-06 22:05:42,584 - INFO - Fetching: https://www.tu-berlin.de/international/menue/service/datenbanken/mobility_online/
2026-01-06 22:05:42,584 - ERROR - Unexpected error fetching https://www.tu-berlin.de/international/menue/service/datenbanken/mobility_online/: request() got an unexpected keyword argument 'max_redirects'
2026-01-06 22:05:42,584 - ERROR - [2026-01-06T22:05:42.584309] TU Berlin (https://www.tu-berlin.de/international/menue/service/datenbanken/mobility_online/): Could not fetch main page

2026-01-06 22:05:42,584 - INFO - Sleeping 4 seconds before next request...
2026-01-06 22:05:46,587 - INFO - 
[2/10] Processing Uni Hamburg...
2026-01-06 22:05:46,587 - INFO - 
============================================================
2026-01-06 22:05:46,587 - INFO - Harvesting: Uni Hamburg
2026-01-06 22:05:46,587 - INFO - URL: https://www.uni-hamburg.de/internationales/studierende/outgoing/austausch-gaststudium/erasmus/weltweit-studieren.html
2026-01-06 22:05:46,587 - INFO - ============================================================
2026-01-06 22:05:46,587 - INFO - Fetching: https://www.uni-hamburg.de/internationales/studierende/outgoing/austausch-gaststudium/erasmus/weltweit-studieren.html
2026-01-06 22:05:46,588 - ERROR - Unexpected error fetching https://www.uni-hamburg.de/internationales/studierende/outgoing/austausch-gaststudium/erasmus/weltweit-studieren.html: request() got an unexpected keyword argument 'max_redirects'
2026-01-06 22:05:46,588 - ERROR - [2026-01-06T22:05:46.588297] Uni Hamburg (https://www.uni-hamburg.de/internationales/studierende/outgoing/austausch-gaststudium/erasmus/weltweit-studieren.html): Could not fetch main page

2026-01-06 22:05:46,588 - INFO - Sleeping 5 seconds before next request...
2026-01-06 22:05:51,590 - INFO - 
[3/10] Processing TU Dresden...
2026-01-06 22:05:51,590 - INFO - 
============================================================
2026-01-06 22:05:51,590 - INFO - Harvesting: TU Dresden
2026-01-06 22:05:51,590 - INFO - URL: https://tu-dresden.de/internationales/int-kooperationen/mobility-online
2026-01-06 22:05:51,590 - INFO - ============================================================
2026-01-06 22:05:51,590 - INFO - Fetching: https://tu-dresden.de/internationales/int-kooperationen/mobility-online
2026-01-06 22:05:51,591 - ERROR - Unexpected error fetching https://tu-dresden.de/internationales/int-kooperationen/mobility-online: request() got an unexpected keyword argument 'max_redirects'
2026-01-06 22:05:51,591 - ERROR - [2026-01-06T22:05:51.591119] TU Dresden (https://tu-dresden.de/internationales/int-kooperationen/mobility-online): Could not fetch main page

2026-01-06 22:05:51,591 - INFO - Sleeping 3 seconds before next request...
2026-01-06 22:05:54,592 - INFO - 
[4/10] Processing Uni Stuttgart...
2026-01-06 22:05:54,592 - INFO - 
============================================================
2026-01-06 22:05:54,592 - INFO - Harvesting: Uni Stuttgart
2026-01-06 22:05:54,592 - INFO - URL: https://www.student.uni-stuttgart.de/auslandsstudium/austauschmoeglichkeiten/
2026-01-06 22:05:54,592 - INFO - ============================================================
2026-01-06 22:05:54,593 - INFO - Fetching: https://www.student.uni-stuttgart.de/auslandsstudium/austauschmoeglichkeiten/
2026-01-06 22:05:54,593 - ERROR - Unexpected error fetching https://www.student.uni-stuttgart.de/auslandsstudium/austauschmoeglichkeiten/: request() got an unexpected keyword argument 'max_redirects'
2026-01-06 22:05:54,593 - ERROR - [2026-01-06T22:05:54.593318] Uni Stuttgart (https://www.student.uni-stuttgart.de/auslandsstudium/austauschmoeglichkeiten/): Could not fetch main page

2026-01-06 22:05:54,593 - INFO - Sleeping 4 seconds before next request...
2026-01-06 22:05:58,597 - INFO - 
[5/10] Processing LMU München...
2026-01-06 22:05:58,598 - INFO - 
============================================================
2026-01-06 22:05:58,598 - INFO - Harvesting: LMU München
2026-01-06 22:05:58,598 - INFO - URL: https://www.lmu.de/de/studium/im-studium/auslandsstudium/austauschmoeglichkeiten/index.html
2026-01-06 22:05:58,598 - INFO - ============================================================
2026-01-06 22:05:58,598 - INFO - Fetching: https://www.lmu.de/de/studium/im-studium/auslandsstudium/austauschmoeglichkeiten/index.html
2026-01-06 22:05:58,598 - ERROR - Unexpected error fetching https://www.lmu.de/de/studium/im-studium/auslandsstudium/austauschmoeglichkeiten/index.html: request() got an unexpected keyword argument 'max_redirects'
2026-01-06 22:05:58,598 - ERROR - [2026-01-06T22:05:58.598578] LMU München (https://www.lmu.de/de/studium/im-studium/auslandsstudium/austauschmoeglichkeiten/index.html): Could not fetch main page

2026-01-06 22:05:58,598 - INFO - Sleeping 5 seconds before next request...
2026-01-06 22:06:03,604 - INFO - 
[6/10] Processing Uni Leipzig...
2026-01-06 22:06:03,604 - INFO - 
============================================================
2026-01-06 22:06:03,604 - INFO - Harvesting: Uni Leipzig
2026-01-06 22:06:03,604 - INFO - URL: https://www.uni-leipzig.de/international/studium-im-ausland/austauschprogramme
2026-01-06 22:06:03,604 - INFO - ============================================================
2026-01-06 22:06:03,604 - INFO - Fetching: https://www.uni-leipzig.de/international/studium-im-ausland/austauschprogramme
2026-01-06 22:06:03,604 - ERROR - Unexpected error fetching https://www.uni-leipzig.de/international/studium-im-ausland/austauschprogramme: request() got an unexpected keyword argument 'max_redirects'
2026-01-06 22:06:03,604 - ERROR - [2026-01-06T22:06:03.604965] Uni Leipzig (https://www.uni-leipzig.de/international/studium-im-ausland/austauschprogramme): Could not fetch main page

2026-01-06 22:06:03,605 - INFO - Sleeping 3 seconds before next request...
2026-01-06 22:06:06,610 - INFO - 
[7/10] Processing Uni Wien...
2026-01-06 22:06:06,610 - INFO - 
============================================================
2026-01-06 22:06:06,610 - INFO - Harvesting: Uni Wien
2026-01-06 22:06:06,610 - INFO - URL: https://international.univie.ac.at/student-mobility/outgoing-students/erasmus-studium/
2026-01-06 22:06:06,610 - INFO - ============================================================
2026-01-06 22:06:06,610 - INFO - Fetching: https://international.univie.ac.at/student-mobility/outgoing-students/erasmus-studium/
2026-01-06 22:06:06,610 - ERROR - Unexpected error fetching https://international.univie.ac.at/student-mobility/outgoing-students/erasmus-studium/: request() got an unexpected keyword argument 'max_redirects'
2026-01-06 22:06:06,611 - ERROR - [2026-01-06T22:06:06.611087] Uni Wien (https://international.univie.ac.at/student-mobility/outgoing-students/erasmus-studium/): Could not fetch main page

2026-01-06 22:06:06,611 - INFO - Sleeping 4 seconds before next request...
2026-01-06 22:06:10,616 - INFO - 
[8/10] Processing Uni Graz...
2026-01-06 22:06:10,616 - INFO - 
============================================================
2026-01-06 22:06:10,617 - INFO - Harvesting: Uni Graz
2026-01-06 22:06:10,617 - INFO - URL: https://international.uni-graz.at/de/auslandsaufenthalte/studierende/studium/erasmus-studium/
2026-01-06 22:06:10,617 - INFO - ============================================================
2026-01-06 22:06:10,617 - INFO - Fetching: https://international.uni-graz.at/de/auslandsaufenthalte/studierende/studium/erasmus-studium/
2026-01-06 22:06:10,617 - ERROR - Unexpected error fetching https://international.uni-graz.at/de/auslandsaufenthalte/studierende/studium/erasmus-studium/: request() got an unexpected keyword argument 'max_redirects'
2026-01-06 22:06:10,617 - ERROR - [2026-01-06T22:06:10.617502] Uni Graz (https://international.uni-graz.at/de/auslandsaufenthalte/studierende/studium/erasmus-studium/): Could not fetch main page

2026-01-06 22:06:10,617 - INFO - Sleeping 5 seconds before next request...
2026-01-06 22:06:15,623 - INFO - 
[9/10] Processing TU Darmstadt...
2026-01-06 22:06:15,623 - INFO - 
============================================================
2026-01-06 22:06:15,623 - INFO - Harvesting: TU Darmstadt
2026-01-06 22:06:15,623 - INFO - URL: https://www.tu-darmstadt.de/studieren/studierende_tu/auslandsaufenthalt/austauschprogramme/index.de.jsp
2026-01-06 22:06:15,623 - INFO - ============================================================
2026-01-06 22:06:15,623 - INFO - Fetching: https://www.tu-darmstadt.de/studieren/studierende_tu/auslandsaufenthalt/austauschprogramme/index.de.jsp
2026-01-06 22:06:15,624 - ERROR - Unexpected error fetching https://www.tu-darmstadt.de/studieren/studierende_tu/auslandsaufenthalt/austauschprogramme/index.de.jsp: request() got an unexpected keyword argument 'max_redirects'
2026-01-06 22:06:15,624 - ERROR - [2026-01-06T22:06:15.624240] TU Darmstadt (https://www.tu-darmstadt.de/studieren/studierende_tu/auslandsaufenthalt/austauschprogramme/index.de.jsp): Could not fetch main page

2026-01-06 22:06:15,624 - INFO - Sleeping 3 seconds before next request...
2026-01-06 22:06:18,628 - INFO - 
[10/10] Processing Uni Potsdam...
2026-01-06 22:06:18,629 - INFO - 
============================================================
2026-01-06 22:06:18,629 - INFO - Harvesting: Uni Potsdam
2026-01-06 22:06:18,629 - INFO - URL: https://www.uni-potsdam.de/de/international/outgoing/studium/erasmus
2026-01-06 22:06:18,629 - INFO - ============================================================
2026-01-06 22:06:18,629 - INFO - Fetching: https://www.uni-potsdam.de/de/international/outgoing/studium/erasmus
2026-01-06 22:06:18,629 - ERROR - Unexpected error fetching https://www.uni-potsdam.de/de/international/outgoing/studium/erasmus: request() got an unexpected keyword argument 'max_redirects'
2026-01-06 22:06:18,629 - ERROR - [2026-01-06T22:06:18.629758] Uni Potsdam (https://www.uni-potsdam.de/de/international/outgoing/studium/erasmus): Could not fetch main page

2026-01-06 22:06:18,630 - INFO - 
============================================================
2026-01-06 22:06:18,630 - INFO - HARVEST SUMMARY
2026-01-06 22:06:18,630 - INFO - ============================================================
2026-01-06 22:06:18,630 - INFO - Total universities processed: 10
2026-01-06 22:06:18,630 - INFO - Universities with partners: 0
2026-01-06 22:06:18,630 - INFO - Total partners harvested: 0
2026-01-06 22:06:18,630 - INFO - Average partners per university: 0.0
2026-01-06 22:06:18,630 - INFO - ============================================================
2026-01-06 22:06:18,631 - INFO - Results saved to: /Users/maurice/Desktop/mystudycosts.com/data/batch1_erasmus_data.json
2026-01-06 22:06:18,631 - INFO - 
✅ Harvest complete!
2026-01-06 22:06:18,631 - INFO - 📁 Results saved to: /Users/maurice/Desktop/mystudycosts.com/data/batch1_erasmus_data.json
2026-01-06 22:06:18,631 - INFO - ⚠️  Errors logged to: /Users/maurice/Desktop/mystudycosts.com/data/scripts/harvest_errors.txt
2026-01-06 22:06:36,497 - INFO - ============================================================
2026-01-06 22:06:36,497 - INFO - Mobility Online Partner Harvester - Batch 1
2026-01-06 22:06:36,497 - INFO - Timestamp: 2026-01-06T22:06:36.497285
2026-01-06 22:06:36,497 - INFO - ============================================================
2026-01-06 22:06:36,497 - INFO - 
[1/10] Processing TU Berlin...
2026-01-06 22:06:36,497 - INFO - 
============================================================
2026-01-06 22:06:36,497 - INFO - Harvesting: TU Berlin
2026-01-06 22:06:36,497 - INFO - URL: https://www.tu-berlin.de/international/menue/service/datenbanken/mobility_online/
2026-01-06 22:06:36,497 - INFO - ============================================================
2026-01-06 22:06:36,497 - INFO - Fetching: https://www.tu-berlin.de/international/menue/service/datenbanken/mobility_online/
2026-01-06 22:06:37,236 - INFO - ✅ Successfully harvested 2 unique partners
2026-01-06 22:06:37,236 - INFO - Sleeping 4 seconds before next request...
2026-01-06 22:06:41,242 - INFO - 
[2/10] Processing Uni Hamburg...
2026-01-06 22:06:41,242 - INFO - 
============================================================
2026-01-06 22:06:41,242 - INFO - Harvesting: Uni Hamburg
2026-01-06 22:06:41,242 - INFO - URL: https://www.uni-hamburg.de/internationales/studierende/outgoing/austausch-gaststudium/erasmus/weltweit-studieren.html
2026-01-06 22:06:41,242 - INFO - ============================================================
2026-01-06 22:06:41,242 - INFO - Fetching: https://www.uni-hamburg.de/internationales/studierende/outgoing/austausch-gaststudium/erasmus/weltweit-studieren.html
2026-01-06 22:06:41,638 - INFO - Found potential Mobility Online link: https://www.uni-hamburg.de/internationales/studierende/outgoing/austausch-gaststudium/erasmus/ansprechpartner.html
2026-01-06 22:06:41,641 - INFO - ✅ Successfully harvested 17 unique partners
2026-01-06 22:06:41,641 - INFO - Sleeping 5 seconds before next request...
2026-01-06 22:06:46,646 - INFO - 
[3/10] Processing TU Dresden...
2026-01-06 22:06:46,646 - INFO - 
============================================================
2026-01-06 22:06:46,646 - INFO - Harvesting: TU Dresden
2026-01-06 22:06:46,646 - INFO - URL: https://tu-dresden.de/internationales/int-kooperationen/mobility-online
2026-01-06 22:06:46,646 - INFO - ============================================================
2026-01-06 22:06:46,646 - INFO - Fetching: https://tu-dresden.de/internationales/int-kooperationen/mobility-online
2026-01-06 22:06:47,321 - ERROR - Error fetching https://tu-dresden.de/internationales/int-kooperationen/mobility-online: 404 Client Error: Not Found for url: https://tu-dresden.de/internationales/int-kooperationen/mobility-online
2026-01-06 22:06:47,322 - ERROR - [2026-01-06T22:06:47.322690] TU Dresden (https://tu-dresden.de/internationales/int-kooperationen/mobility-online): Could not fetch main page

2026-01-06 22:06:47,323 - INFO - Sleeping 3 seconds before next request...
2026-01-06 22:06:50,323 - INFO - 
[4/10] Processing Uni Stuttgart...
2026-01-06 22:06:50,323 - INFO - 
============================================================
2026-01-06 22:06:50,323 - INFO - Harvesting: Uni Stuttgart
2026-01-06 22:06:50,323 - INFO - URL: https://www.student.uni-stuttgart.de/auslandsstudium/austauschmoeglichkeiten/
2026-01-06 22:06:50,323 - INFO - ============================================================
2026-01-06 22:06:50,324 - INFO - Fetching: https://www.student.uni-stuttgart.de/auslandsstudium/austauschmoeglichkeiten/
2026-01-06 22:06:50,595 - INFO - Found potential Mobility Online link via text: https://www.student.uni-stuttgart.de/auslandsstudium/austauschmoeglichkeiten/#level-2-23
2026-01-06 22:06:50,595 - INFO - Found potential Mobility Online link via text: https://www.student.uni-stuttgart.de/auslandsstudium/austauschmoeglichkeiten/
2026-01-06 22:06:50,598 - INFO - Found potential Mobility Online link: https://www.service4mobility.com/europe/PortalServlet?identifier=STUTTGA01&showAll=0&showPartner=0&showAgreements=0&showCooperations=0&showMultiCooperations=0&showQuestions=1&showCoursesPerSemester=0
2026-01-06 22:06:50,603 - INFO - Found 3 Mobility Online links, trying to fetch...
2026-01-06 22:06:50,604 - INFO - Fetching: https://www.student.uni-stuttgart.de/auslandsstudium/austauschmoeglichkeiten/#level-2-23
2026-01-06 22:06:50,832 - INFO - Fetching: https://www.student.uni-stuttgart.de/auslandsstudium/austauschmoeglichkeiten/#level-2-23
2026-01-06 22:06:53,078 - INFO - Fetching: https://www.student.uni-stuttgart.de/auslandsstudium/austauschmoeglichkeiten/
2026-01-06 22:06:53,343 - INFO - Fetching: https://www.student.uni-stuttgart.de/auslandsstudium/austauschmoeglichkeiten/
2026-01-06 22:06:55,591 - INFO - Fetching: https://www.service4mobility.com/europe/PortalServlet?identifier=STUTTGA01&showAll=0&showPartner=0&showAgreements=0&showCooperations=0&showMultiCooperations=0&showQuestions=1&showCoursesPerSemester=0
2026-01-06 22:06:56,652 - INFO - Found 25 partners from https://www.service4mobility.com/europe/PortalServlet?identifier=STUTTGA01&showAll=0&showPartner=0&showAgreements=0&showCooperations=0&showMultiCooperations=0&showQuestions=1&showCoursesPerSemester=0
2026-01-06 22:06:56,652 - INFO - ✅ Successfully harvested 25 unique partners
2026-01-06 22:06:56,652 - INFO - Sleeping 4 seconds before next request...
2026-01-06 22:07:00,657 - INFO - 
[5/10] Processing LMU München...
2026-01-06 22:07:00,658 - INFO - 
============================================================
2026-01-06 22:07:00,658 - INFO - Harvesting: LMU München
2026-01-06 22:07:00,658 - INFO - URL: https://www.lmu.de/de/studium/im-studium/auslandsstudium/austauschmoeglichkeiten/index.html
2026-01-06 22:07:00,658 - INFO - ============================================================
2026-01-06 22:07:00,658 - INFO - Fetching: https://www.lmu.de/de/studium/im-studium/auslandsstudium/austauschmoeglichkeiten/index.html
2026-01-06 22:07:00,913 - ERROR - Error fetching https://www.lmu.de/de/studium/im-studium/auslandsstudium/austauschmoeglichkeiten/index.html: 404 Client Error: Not Found for url: https://www.lmu.de/de/studium/im-studium/auslandsstudium/austauschmoeglichkeiten/index.html
2026-01-06 22:07:00,914 - ERROR - [2026-01-06T22:07:00.914556] LMU München (https://www.lmu.de/de/studium/im-studium/auslandsstudium/austauschmoeglichkeiten/index.html): Could not fetch main page

2026-01-06 22:07:00,915 - INFO - Sleeping 5 seconds before next request...
2026-01-06 22:07:05,920 - INFO - 
[6/10] Processing Uni Leipzig...
2026-01-06 22:07:05,920 - INFO - 
============================================================
2026-01-06 22:07:05,920 - INFO - Harvesting: Uni Leipzig
2026-01-06 22:07:05,920 - INFO - URL: https://www.uni-leipzig.de/international/studium-im-ausland/austauschprogramme
2026-01-06 22:07:05,920 - INFO - ============================================================
2026-01-06 22:07:05,920 - INFO - Fetching: https://www.uni-leipzig.de/international/studium-im-ausland/austauschprogramme
2026-01-06 22:07:06,266 - ERROR - Error fetching https://www.uni-leipzig.de/international/studium-im-ausland/austauschprogramme: 404 Client Error: Not Found for url: https://www.uni-leipzig.de/international/studium-im-ausland/austauschprogramme
2026-01-06 22:07:06,268 - ERROR - [2026-01-06T22:07:06.268054] Uni Leipzig (https://www.uni-leipzig.de/international/studium-im-ausland/austauschprogramme): Could not fetch main page

2026-01-06 22:07:06,268 - INFO - Sleeping 3 seconds before next request...
2026-01-06 22:07:09,273 - INFO - 
[7/10] Processing Uni Wien...
2026-01-06 22:07:09,273 - INFO - 
============================================================
2026-01-06 22:07:09,273 - INFO - Harvesting: Uni Wien
2026-01-06 22:07:09,273 - INFO - URL: https://international.univie.ac.at/student-mobility/outgoing-students/erasmus-studium/
2026-01-06 22:07:09,273 - INFO - ============================================================
2026-01-06 22:07:09,274 - INFO - Fetching: https://international.univie.ac.at/student-mobility/outgoing-students/erasmus-studium/
2026-01-06 22:07:09,707 - ERROR - Error fetching https://international.univie.ac.at/student-mobility/outgoing-students/erasmus-studium/: 404 Client Error: Not Found for url: https://international.univie.ac.at/studierendenmobilitaet/outgoing-students/erasmus-studium/
2026-01-06 22:07:09,709 - ERROR - [2026-01-06T22:07:09.708986] Uni Wien (https://international.univie.ac.at/student-mobility/outgoing-students/erasmus-studium/): Could not fetch main page

2026-01-06 22:07:09,709 - INFO - Sleeping 4 seconds before next request...
2026-01-06 22:07:13,711 - INFO - 
[8/10] Processing Uni Graz...
2026-01-06 22:07:13,711 - INFO - 
============================================================
2026-01-06 22:07:13,711 - INFO - Harvesting: Uni Graz
2026-01-06 22:07:13,711 - INFO - URL: https://international.uni-graz.at/de/auslandsaufenthalte/studierende/studium/erasmus-studium/
2026-01-06 22:07:13,711 - INFO - ============================================================
2026-01-06 22:07:13,711 - INFO - Fetching: https://international.uni-graz.at/de/auslandsaufenthalte/studierende/studium/erasmus-studium/
2026-01-06 22:07:13,986 - ERROR - Error fetching https://international.uni-graz.at/de/auslandsaufenthalte/studierende/studium/erasmus-studium/: 404 Client Error: Not Found for url: https://international.uni-graz.at/de/auslandsaufenthalte/studierende/studium/erasmus-studium/
2026-01-06 22:07:13,988 - ERROR - [2026-01-06T22:07:13.988058] Uni Graz (https://international.uni-graz.at/de/auslandsaufenthalte/studierende/studium/erasmus-studium/): Could not fetch main page

2026-01-06 22:07:13,988 - INFO - Sleeping 5 seconds before next request...
2026-01-06 22:07:18,991 - INFO - 
[9/10] Processing TU Darmstadt...
2026-01-06 22:07:18,991 - INFO - 
============================================================
2026-01-06 22:07:18,991 - INFO - Harvesting: TU Darmstadt
2026-01-06 22:07:18,991 - INFO - URL: https://www.tu-darmstadt.de/studieren/studierende_tu/auslandsaufenthalt/austauschprogramme/index.de.jsp
2026-01-06 22:07:18,991 - INFO - ============================================================
2026-01-06 22:07:18,991 - INFO - Fetching: https://www.tu-darmstadt.de/studieren/studierende_tu/auslandsaufenthalt/austauschprogramme/index.de.jsp
2026-01-06 22:07:19,199 - ERROR - Error fetching https://www.tu-darmstadt.de/studieren/studierende_tu/auslandsaufenthalt/austauschprogramme/index.de.jsp: 404 Client Error:  for url: https://www.tu-darmstadt.de/studieren/studierende_tu/auslandsaufenthalt/austauschprogramme/index.de.jsp
2026-01-06 22:07:19,200 - ERROR - [2026-01-06T22:07:19.200908] TU Darmstadt (https://www.tu-darmstadt.de/studieren/studierende_tu/auslandsaufenthalt/austauschprogramme/index.de.jsp): Could not fetch main page

2026-01-06 22:07:19,201 - INFO - Sleeping 3 seconds before next request...
2026-01-06 22:07:22,202 - INFO - 
[10/10] Processing Uni Potsdam...
2026-01-06 22:07:22,202 - INFO - 
============================================================
2026-01-06 22:07:22,202 - INFO - Harvesting: Uni Potsdam
2026-01-06 22:07:22,202 - INFO - URL: https://www.uni-potsdam.de/de/international/outgoing/studium/erasmus
2026-01-06 22:07:22,202 - INFO - ============================================================
2026-01-06 22:07:22,202 - INFO - Fetching: https://www.uni-potsdam.de/de/international/outgoing/studium/erasmus
2026-01-06 22:07:22,405 - INFO - ✅ Successfully harvested 1 unique partners
2026-01-06 22:07:22,405 - INFO - 
============================================================
2026-01-06 22:07:22,405 - INFO - HARVEST SUMMARY
2026-01-06 22:07:22,405 - INFO - ============================================================
2026-01-06 22:07:22,405 - INFO - Total universities processed: 10
2026-01-06 22:07:22,405 - INFO - Universities with partners: 4
2026-01-06 22:07:22,405 - INFO - Total partners harvested: 45
2026-01-06 22:07:22,405 - INFO - Average partners per university: 4.5
2026-01-06 22:07:22,405 - INFO - ============================================================
2026-01-06 22:07:22,406 - INFO - Backup created: /Users/maurice/Desktop/mystudycosts.com/data/batch1_erasmus_data.json.backup
2026-01-06 22:07:22,406 - INFO - Results saved to: /Users/maurice/Desktop/mystudycosts.com/data/batch1_erasmus_data.json
2026-01-06 22:07:22,406 - INFO - 
✅ Harvest complete!
2026-01-06 22:07:22,407 - INFO - 📁 Results saved to: /Users/maurice/Desktop/mystudycosts.com/data/batch1_erasmus_data.json
2026-01-06 22:07:22,407 - INFO - ⚠️  Errors logged to: /Users/maurice/Desktop/mystudycosts.com/data/scripts/harvest_errors.txt
2026-01-07 10:22:09,042 - INFO - ============================================================
2026-01-07 10:22:09,042 - INFO - Mobility Online Partner Harvester - Batch 1
2026-01-07 10:22:09,042 - INFO - Timestamp: 2026-01-07T10:22:09.042816
2026-01-07 10:22:09,042 - INFO - ============================================================
2026-01-07 10:22:09,042 - INFO - 
[1/10] Processing TU Berlin...
2026-01-07 10:22:09,043 - INFO - 
============================================================
2026-01-07 10:22:09,043 - INFO - Harvesting: TU Berlin
2026-01-07 10:22:09,043 - INFO - URL: https://web.tu-berlin.de/zuv/komm/international/austauschpl/index.php
2026-01-07 10:22:09,043 - INFO - ============================================================
2026-01-07 10:22:09,043 - INFO - Fetching: https://web.tu-berlin.de/zuv/komm/international/austauschpl/index.php
2026-01-07 10:22:09,093 - ERROR - Error fetching https://web.tu-berlin.de/zuv/komm/international/austauschpl/index.php: HTTPSConnectionPool(host='web.tu-berlin.de', port=443): Max retries exceeded with url: /zuv/komm/international/austauschpl/index.php (Caused by NameResolutionError("HTTPSConnection(host='web.tu-berlin.de', port=443): Failed to resolve 'web.tu-berlin.de' ([Errno 8] nodename nor servname provided, or not known)"))
2026-01-07 10:22:09,093 - ERROR - [2026-01-07T10:22:09.093558] TU Berlin (https://web.tu-berlin.de/zuv/komm/international/austauschpl/index.php): Could not fetch main page

2026-01-07 10:22:09,093 - INFO - Sleeping 4 seconds before next request...
2026-01-07 10:22:13,098 - INFO - 
[2/10] Processing Uni Hamburg...
2026-01-07 10:22:13,099 - INFO - 
============================================================
2026-01-07 10:22:13,099 - INFO - Harvesting: Uni Hamburg
2026-01-07 10:22:13,099 - INFO - URL: https://www.uni-hamburg.de/internationales/studierende/outgoing/austausch-gaststudium/erasmus/weltweit-studieren.html
2026-01-07 10:22:13,099 - INFO - ============================================================
2026-01-07 10:22:13,099 - INFO - Fetching: https://www.uni-hamburg.de/internationales/studierende/outgoing/austausch-gaststudium/erasmus/weltweit-studieren.html
2026-01-07 10:22:13,624 - INFO - Found potential Mobility Online link: https://www.uni-hamburg.de/internationales/studierende/outgoing/austausch-gaststudium/erasmus/ansprechpartner.html
2026-01-07 10:22:13,627 - INFO - ✅ Successfully harvested 17 unique partners
2026-01-07 10:22:13,627 - INFO - Sleeping 5 seconds before next request...
2026-01-07 10:22:18,632 - INFO - 
[3/10] Processing TU Dresden...
2026-01-07 10:22:18,633 - INFO - 
============================================================
2026-01-07 10:22:18,633 - INFO - Harvesting: TU Dresden
2026-01-07 10:22:18,633 - INFO - URL: https://tu-dresden.de/internationales/int-kooperationen/mobility-online
2026-01-07 10:22:18,633 - INFO - ============================================================
2026-01-07 10:22:18,633 - INFO - Fetching: https://tu-dresden.de/internationales/int-kooperationen/mobility-online
2026-01-07 10:22:19,347 - ERROR - Error fetching https://tu-dresden.de/internationales/int-kooperationen/mobility-online: 404 Client Error: Not Found for url: https://tu-dresden.de/internationales/int-kooperationen/mobility-online
2026-01-07 10:22:19,349 - ERROR - [2026-01-07T10:22:19.349278] TU Dresden (https://tu-dresden.de/internationales/int-kooperationen/mobility-online): Could not fetch main page

2026-01-07 10:22:19,350 - INFO - Sleeping 3 seconds before next request...
2026-01-07 10:22:22,355 - INFO - 
[4/10] Processing Uni Stuttgart...
2026-01-07 10:22:22,356 - INFO - 
============================================================
2026-01-07 10:22:22,356 - INFO - Harvesting: Uni Stuttgart
2026-01-07 10:22:22,356 - INFO - URL: https://www.student.uni-stuttgart.de/auslandsstudium/austauschmoeglichkeiten/
2026-01-07 10:22:22,356 - INFO - ============================================================
2026-01-07 10:22:22,357 - INFO - Fetching: https://www.student.uni-stuttgart.de/auslandsstudium/austauschmoeglichkeiten/
2026-01-07 10:22:22,686 - INFO - Found potential Mobility Online link via text: https://www.student.uni-stuttgart.de/auslandsstudium/austauschmoeglichkeiten/#level-2-23
2026-01-07 10:22:22,686 - INFO - Found potential Mobility Online link via text: https://www.student.uni-stuttgart.de/auslandsstudium/austauschmoeglichkeiten/
2026-01-07 10:22:22,689 - INFO - Found potential Mobility Online link: https://www.service4mobility.com/europe/PortalServlet?identifier=STUTTGA01&showAll=0&showPartner=0&showAgreements=0&showCooperations=0&showMultiCooperations=0&showQuestions=1&showCoursesPerSemester=0
2026-01-07 10:22:22,694 - INFO - Found 3 Mobility Online links, trying to fetch...
2026-01-07 10:22:22,694 - INFO - Fetching: https://www.student.uni-stuttgart.de/auslandsstudium/austauschmoeglichkeiten/#level-2-23
2026-01-07 10:22:22,971 - INFO - Fetching: https://www.student.uni-stuttgart.de/auslandsstudium/austauschmoeglichkeiten/#level-2-23
2026-01-07 10:22:25,218 - INFO - Fetching: https://www.student.uni-stuttgart.de/auslandsstudium/austauschmoeglichkeiten/
2026-01-07 10:22:25,450 - INFO - Fetching: https://www.student.uni-stuttgart.de/auslandsstudium/austauschmoeglichkeiten/
2026-01-07 10:22:27,707 - INFO - Fetching: https://www.service4mobility.com/europe/PortalServlet?identifier=STUTTGA01&showAll=0&showPartner=0&showAgreements=0&showCooperations=0&showMultiCooperations=0&showQuestions=1&showCoursesPerSemester=0
2026-01-07 10:22:29,205 - INFO - Found 25 partners from https://www.service4mobility.com/europe/PortalServlet?identifier=STUTTGA01&showAll=0&showPartner=0&showAgreements=0&showCooperations=0&showMultiCooperations=0&showQuestions=1&showCoursesPerSemester=0
2026-01-07 10:22:29,205 - INFO - ✅ Successfully harvested 25 unique partners
2026-01-07 10:22:29,205 - INFO - Sleeping 4 seconds before next request...
2026-01-07 10:22:33,210 - INFO - 
[5/10] Processing LMU München...
2026-01-07 10:22:33,211 - INFO - 
============================================================
2026-01-07 10:22:33,211 - INFO - Harvesting: LMU München
2026-01-07 10:22:33,211 - INFO - URL: https://lmu.moveon4.de/publisher/1/deu
2026-01-07 10:22:33,211 - INFO - ============================================================
2026-01-07 10:22:33,211 - INFO - Fetching: https://lmu.moveon4.de/publisher/1/deu
2026-01-07 10:22:33,564 - WARNING - ⚠️  No partners found for LMU München
2026-01-07 10:22:33,565 - ERROR - [2026-01-07T10:22:33.565059] LMU München (https://lmu.moveon4.de/publisher/1/deu): No partners extracted from page

2026-01-07 10:22:33,565 - INFO - Sleeping 5 seconds before next request...
2026-01-07 10:22:38,567 - INFO - 
[6/10] Processing Uni Leipzig...
2026-01-07 10:22:38,568 - INFO - 
============================================================
2026-01-07 10:22:38,568 - INFO - Harvesting: Uni Leipzig
2026-01-07 10:22:38,568 - INFO - URL: https://leipzig.moveon4.de/publisher/1/deu
2026-01-07 10:22:38,568 - INFO - ============================================================
2026-01-07 10:22:38,568 - INFO - Fetching: https://leipzig.moveon4.de/publisher/1/deu
2026-01-07 10:22:38,819 - ERROR - Error fetching https://leipzig.moveon4.de/publisher/1/deu: 404 Client Error: Not Found for url: https://leipzig.moveon4.de/publisher/1/deu
2026-01-07 10:22:38,821 - ERROR - [2026-01-07T10:22:38.821419] Uni Leipzig (https://leipzig.moveon4.de/publisher/1/deu): Could not fetch main page

2026-01-07 10:22:38,822 - INFO - Sleeping 3 seconds before next request...
2026-01-07 10:22:41,826 - INFO - 
[7/10] Processing Uni Wien...
2026-01-07 10:22:41,826 - INFO - 
============================================================
2026-01-07 10:22:41,826 - INFO - Harvesting: Uni Wien
2026-01-07 10:22:41,827 - INFO - URL: https://international.univie.ac.at/student-mobility/outgoing-students/erasmus-studium/
2026-01-07 10:22:41,827 - INFO - ============================================================
2026-01-07 10:22:41,827 - INFO - Fetching: https://international.univie.ac.at/student-mobility/outgoing-students/erasmus-studium/
2026-01-07 10:22:42,287 - ERROR - Error fetching https://international.univie.ac.at/student-mobility/outgoing-students/erasmus-studium/: 404 Client Error: Not Found for url: https://international.univie.ac.at/studierendenmobilitaet/outgoing-students/erasmus-studium/
2026-01-07 10:22:42,291 - ERROR - [2026-01-07T10:22:42.290975] Uni Wien (https://international.univie.ac.at/student-mobility/outgoing-students/erasmus-studium/): Could not fetch main page

2026-01-07 10:22:42,291 - INFO - Sleeping 4 seconds before next request...
2026-01-07 10:22:46,294 - INFO - 
[8/10] Processing Uni Graz...
2026-01-07 10:22:46,295 - INFO - 
============================================================
2026-01-07 10:22:46,295 - INFO - Harvesting: Uni Graz
2026-01-07 10:22:46,296 - INFO - URL: https://international.uni-graz.at/de/auslandsaufenthalte/studierende/studium/erasmus-studium/
2026-01-07 10:22:46,296 - INFO - ============================================================
2026-01-07 10:22:46,296 - INFO - Fetching: https://international.uni-graz.at/de/auslandsaufenthalte/studierende/studium/erasmus-studium/
2026-01-07 10:22:46,615 - ERROR - Error fetching https://international.uni-graz.at/de/auslandsaufenthalte/studierende/studium/erasmus-studium/: 404 Client Error: Not Found for url: https://international.uni-graz.at/de/auslandsaufenthalte/studierende/studium/erasmus-studium/
2026-01-07 10:22:46,616 - ERROR - [2026-01-07T10:22:46.616386] Uni Graz (https://international.uni-graz.at/de/auslandsaufenthalte/studierende/studium/erasmus-studium/): Could not fetch main page

2026-01-07 10:22:46,617 - INFO - Sleeping 5 seconds before next request...
2026-01-07 10:22:51,622 - INFO - 
[9/10] Processing TU Darmstadt...
2026-01-07 10:22:51,622 - INFO - 
============================================================
2026-01-07 10:22:51,622 - INFO - Harvesting: TU Darmstadt
2026-01-07 10:22:51,622 - INFO - URL: https://www.tu-darmstadt.de/studieren/studierende_tu/auslandsaufenthalt/austauschprogramme/index.de.jsp
2026-01-07 10:22:51,622 - INFO - ============================================================
2026-01-07 10:22:51,622 - INFO - Fetching: https://www.tu-darmstadt.de/studieren/studierende_tu/auslandsaufenthalt/austauschprogramme/index.de.jsp
2026-01-07 10:22:51,986 - ERROR - Error fetching https://www.tu-darmstadt.de/studieren/studierende_tu/auslandsaufenthalt/austauschprogramme/index.de.jsp: 404 Client Error:  for url: https://www.tu-darmstadt.de/studieren/studierende_tu/auslandsaufenthalt/austauschprogramme/index.de.jsp
2026-01-07 10:22:51,988 - ERROR - [2026-01-07T10:22:51.988748] TU Darmstadt (https://www.tu-darmstadt.de/studieren/studierende_tu/auslandsaufenthalt/austauschprogramme/index.de.jsp): Could not fetch main page

2026-01-07 10:22:51,989 - INFO - Sleeping 3 seconds before next request...
2026-01-07 10:22:54,992 - INFO - 
[10/10] Processing Uni Potsdam...
2026-01-07 10:22:54,992 - INFO - 
============================================================
2026-01-07 10:22:54,992 - INFO - Harvesting: Uni Potsdam
2026-01-07 10:22:54,992 - INFO - URL: https://www.uni-potsdam.de/de/international/outgoing/studium/erasmus
2026-01-07 10:22:54,992 - INFO - ============================================================
2026-01-07 10:22:54,992 - INFO - Fetching: https://www.uni-potsdam.de/de/international/outgoing/studium/erasmus
2026-01-07 10:22:55,193 - INFO - ✅ Successfully harvested 1 unique partners
2026-01-07 10:22:55,193 - INFO - 
============================================================
2026-01-07 10:22:55,193 - INFO - HARVEST SUMMARY
2026-01-07 10:22:55,193 - INFO - ============================================================
2026-01-07 10:22:55,193 - INFO - Total universities processed: 10
2026-01-07 10:22:55,193 - INFO - Universities with partners: 3
2026-01-07 10:22:55,193 - INFO - Total partners harvested: 43
2026-01-07 10:22:55,193 - INFO - Average partners per university: 4.3
2026-01-07 10:22:55,193 - INFO - ============================================================
2026-01-07 10:22:55,195 - INFO - Backup created: /Users/maurice/Desktop/mystudycosts.com/data/batch1_erasmus_data.json.backup
2026-01-07 10:22:55,195 - INFO - Results saved to: /Users/maurice/Desktop/mystudycosts.com/data/batch1_erasmus_data.json
2026-01-07 10:22:55,195 - INFO - 
✅ Harvest complete!
2026-01-07 10:22:55,195 - INFO - 📁 Results saved to: /Users/maurice/Desktop/mystudycosts.com/data/batch1_erasmus_data.json
2026-01-07 10:22:55,195 - INFO - ⚠️  Errors logged to: /Users/maurice/Desktop/mystudycosts.com/data/scripts/harvest_errors.txt
2026-01-07 10:23:35,735 - INFO - ============================================================
2026-01-07 10:23:35,736 - INFO - Mobility Online Partner Harvester - Batch 1
2026-01-07 10:23:35,736 - INFO - Timestamp: 2026-01-07T10:23:35.736141
2026-01-07 10:23:35,736 - INFO - ============================================================
2026-01-07 10:23:35,736 - INFO - 
[1/10] Processing TU Berlin...
2026-01-07 10:23:35,736 - INFO - 
============================================================
2026-01-07 10:23:35,736 - INFO - Harvesting: TU Berlin
2026-01-07 10:23:35,736 - INFO - URL: https://web.tu-berlin.de/zuv/komm/international/austauschpl/index.php
2026-01-07 10:23:35,736 - INFO - ============================================================
2026-01-07 10:23:35,736 - INFO - Fetching: https://web.tu-berlin.de/zuv/komm/international/austauschpl/index.php
2026-01-07 10:23:35,741 - ERROR - Error fetching https://web.tu-berlin.de/zuv/komm/international/austauschpl/index.php: HTTPSConnectionPool(host='web.tu-berlin.de', port=443): Max retries exceeded with url: /zuv/komm/international/austauschpl/index.php (Caused by NameResolutionError("HTTPSConnection(host='web.tu-berlin.de', port=443): Failed to resolve 'web.tu-berlin.de' ([Errno 8] nodename nor servname provided, or not known)"))
2026-01-07 10:23:35,741 - ERROR - [2026-01-07T10:23:35.741318] TU Berlin (https://web.tu-berlin.de/zuv/komm/international/austauschpl/index.php): Could not fetch main page

2026-01-07 10:23:35,741 - INFO - Sleeping 4 seconds before next request...
2026-01-07 10:23:39,746 - INFO - 
[2/10] Processing Uni Hamburg...
2026-01-07 10:23:39,746 - INFO - 
============================================================
2026-01-07 10:23:39,746 - INFO - Harvesting: Uni Hamburg
2026-01-07 10:23:39,746 - INFO - URL: https://www.uni-hamburg.de/internationales/studierende/outgoing/austausch-gaststudium/erasmus/weltweit-studieren.html
2026-01-07 10:23:39,746 - INFO - ============================================================
2026-01-07 10:23:39,746 - INFO - Fetching: https://www.uni-hamburg.de/internationales/studierende/outgoing/austausch-gaststudium/erasmus/weltweit-studieren.html
2026-01-07 10:23:40,398 - INFO - Found potential Mobility Online link: https://www.uni-hamburg.de/internationales/studierende/outgoing/austausch-gaststudium/erasmus/ansprechpartner.html
2026-01-07 10:23:40,401 - INFO - ✅ Successfully harvested 17 unique partners
2026-01-07 10:23:40,401 - INFO - Sleeping 5 seconds before next request...
2026-01-07 10:23:45,406 - INFO - 
[3/10] Processing TU Dresden...
2026-01-07 10:23:45,406 - INFO - 
============================================================
2026-01-07 10:23:45,407 - INFO - Harvesting: TU Dresden
2026-01-07 10:23:45,407 - INFO - URL: https://tu-dresden.de/internationales/int-kooperationen/mobility-online
2026-01-07 10:23:45,407 - INFO - ============================================================
2026-01-07 10:23:45,407 - INFO - Fetching: https://tu-dresden.de/internationales/int-kooperationen/mobility-online
2026-01-07 10:23:46,014 - ERROR - Error fetching https://tu-dresden.de/internationales/int-kooperationen/mobility-online: 404 Client Error: Not Found for url: https://tu-dresden.de/internationales/int-kooperationen/mobility-online
2026-01-07 10:23:46,015 - ERROR - [2026-01-07T10:23:46.015793] TU Dresden (https://tu-dresden.de/internationales/int-kooperationen/mobility-online): Could not fetch main page

2026-01-07 10:23:46,016 - INFO - Sleeping 3 seconds before next request...
2026-01-07 10:23:49,021 - INFO - 
[4/10] Processing Uni Stuttgart...
2026-01-07 10:23:49,021 - INFO - 
============================================================
2026-01-07 10:23:49,022 - INFO - Harvesting: Uni Stuttgart
2026-01-07 10:23:49,022 - INFO - URL: https://www.student.uni-stuttgart.de/auslandsstudium/austauschmoeglichkeiten/
2026-01-07 10:23:49,022 - INFO - ============================================================
2026-01-07 10:23:49,022 - INFO - Fetching: https://www.student.uni-stuttgart.de/auslandsstudium/austauschmoeglichkeiten/
2026-01-07 10:23:49,274 - INFO - Found potential Mobility Online link via text: https://www.student.uni-stuttgart.de/auslandsstudium/austauschmoeglichkeiten/#level-2-23
2026-01-07 10:23:49,274 - INFO - Found potential Mobility Online link via text: https://www.student.uni-stuttgart.de/auslandsstudium/austauschmoeglichkeiten/
2026-01-07 10:23:49,277 - INFO - Found potential Mobility Online link: https://www.service4mobility.com/europe/PortalServlet?identifier=STUTTGA01&showAll=0&showPartner=0&showAgreements=0&showCooperations=0&showMultiCooperations=0&showQuestions=1&showCoursesPerSemester=0
2026-01-07 10:23:49,282 - INFO - Found 3 Mobility Online links, trying to fetch...
2026-01-07 10:23:49,282 - INFO - Fetching: https://www.student.uni-stuttgart.de/auslandsstudium/austauschmoeglichkeiten/#level-2-23
2026-01-07 10:23:49,559 - INFO - Fetching: https://www.student.uni-stuttgart.de/auslandsstudium/austauschmoeglichkeiten/#level-2-23
2026-01-07 10:23:51,852 - INFO - Fetching: https://www.student.uni-stuttgart.de/auslandsstudium/austauschmoeglichkeiten/
2026-01-07 10:23:52,173 - INFO - Fetching: https://www.student.uni-stuttgart.de/auslandsstudium/austauschmoeglichkeiten/
2026-01-07 10:23:54,448 - INFO - Fetching: https://www.service4mobility.com/europe/PortalServlet?identifier=STUTTGA01&showAll=0&showPartner=0&showAgreements=0&showCooperations=0&showMultiCooperations=0&showQuestions=1&showCoursesPerSemester=0
2026-01-07 10:23:55,651 - INFO - Found 25 partners from https://www.service4mobility.com/europe/PortalServlet?identifier=STUTTGA01&showAll=0&showPartner=0&showAgreements=0&showCooperations=0&showMultiCooperations=0&showQuestions=1&showCoursesPerSemester=0
2026-01-07 10:23:55,651 - INFO - ✅ Successfully harvested 25 unique partners
2026-01-07 10:23:55,651 - INFO - Sleeping 4 seconds before next request...
2026-01-07 10:23:59,656 - INFO - 
[5/10] Processing LMU München...
2026-01-07 10:23:59,656 - INFO - 
============================================================
2026-01-07 10:23:59,657 - INFO - Harvesting: LMU München
2026-01-07 10:23:59,657 - INFO - URL: https://lmu.moveon4.de/publisher/1/deu
2026-01-07 10:23:59,657 - INFO - ============================================================
2026-01-07 10:23:59,657 - INFO - Detected MoveON Publisher link - may require JavaScript rendering
2026-01-07 10:23:59,657 - INFO - Fetching: https://lmu.moveon4.de/publisher/1/deu
2026-01-07 10:24:00,393 - WARNING - ⚠️  No partners found for LMU München
2026-01-07 10:24:00,393 - ERROR - [2026-01-07T10:24:00.393541] LMU München (https://lmu.moveon4.de/publisher/1/deu): No partners extracted from page

2026-01-07 10:24:00,394 - INFO - Sleeping 5 seconds before next request...
2026-01-07 10:24:05,398 - INFO - 
[6/10] Processing Uni Leipzig...
2026-01-07 10:24:05,399 - INFO - 
============================================================
2026-01-07 10:24:05,399 - INFO - Harvesting: Uni Leipzig
2026-01-07 10:24:05,399 - INFO - URL: https://leipzig.moveon4.de/publisher/1/deu
2026-01-07 10:24:05,399 - INFO - ============================================================
2026-01-07 10:24:05,399 - INFO - Detected MoveON Publisher link - may require JavaScript rendering
2026-01-07 10:24:05,399 - INFO - Fetching: https://leipzig.moveon4.de/publisher/1/deu
2026-01-07 10:24:05,548 - ERROR - Error fetching https://leipzig.moveon4.de/publisher/1/deu: 404 Client Error: Not Found for url: https://leipzig.moveon4.de/publisher/1/deu
2026-01-07 10:24:05,550 - ERROR - [2026-01-07T10:24:05.550653] Uni Leipzig (https://leipzig.moveon4.de/publisher/1/deu): Could not fetch MoveON Publisher page

2026-01-07 10:24:05,551 - INFO - Sleeping 3 seconds before next request...
2026-01-07 10:24:08,556 - INFO - 
[7/10] Processing Uni Wien...
2026-01-07 10:24:08,557 - INFO - 
============================================================
2026-01-07 10:24:08,557 - INFO - Harvesting: Uni Wien
2026-01-07 10:24:08,557 - INFO - URL: https://international.univie.ac.at/student-mobility/outgoing-students/erasmus-studium/
2026-01-07 10:24:08,557 - INFO - ============================================================
2026-01-07 10:24:08,557 - INFO - Fetching: https://international.univie.ac.at/student-mobility/outgoing-students/erasmus-studium/
2026-01-07 10:24:09,014 - ERROR - Error fetching https://international.univie.ac.at/student-mobility/outgoing-students/erasmus-studium/: 404 Client Error: Not Found for url: https://international.univie.ac.at/studierendenmobilitaet/outgoing-students/erasmus-studium/
2026-01-07 10:24:09,018 - ERROR - [2026-01-07T10:24:09.017985] Uni Wien (https://international.univie.ac.at/student-mobility/outgoing-students/erasmus-studium/): Could not fetch main page

2026-01-07 10:24:09,018 - INFO - Sleeping 4 seconds before next request...
2026-01-07 10:24:13,021 - INFO - 
[8/10] Processing Uni Graz...
2026-01-07 10:24:13,022 - INFO - 
============================================================
2026-01-07 10:24:13,022 - INFO - Harvesting: Uni Graz
2026-01-07 10:24:13,022 - INFO - URL: https://international.uni-graz.at/de/auslandsaufenthalte/studierende/studium/erasmus-studium/
2026-01-07 10:24:13,022 - INFO - ============================================================
2026-01-07 10:24:13,022 - INFO - Fetching: https://international.uni-graz.at/de/auslandsaufenthalte/studierende/studium/erasmus-studium/
2026-01-07 10:24:13,349 - ERROR - Error fetching https://international.uni-graz.at/de/auslandsaufenthalte/studierende/studium/erasmus-studium/: 404 Client Error: Not Found for url: https://international.uni-graz.at/de/auslandsaufenthalte/studierende/studium/erasmus-studium/
2026-01-07 10:24:13,351 - ERROR - [2026-01-07T10:24:13.351373] Uni Graz (https://international.uni-graz.at/de/auslandsaufenthalte/studierende/studium/erasmus-studium/): Could not fetch main page

2026-01-07 10:24:13,352 - INFO - Sleeping 5 seconds before next request...
2026-01-07 10:24:18,354 - INFO - 
[9/10] Processing TU Darmstadt...
2026-01-07 10:24:18,354 - INFO - 
============================================================
2026-01-07 10:24:18,354 - INFO - Harvesting: TU Darmstadt
2026-01-07 10:24:18,354 - INFO - URL: https://www.tu-darmstadt.de/studieren/studierende_tu/auslandsaufenthalt/austauschprogramme/index.de.jsp
2026-01-07 10:24:18,354 - INFO - ============================================================
2026-01-07 10:24:18,354 - INFO - Fetching: https://www.tu-darmstadt.de/studieren/studierende_tu/auslandsaufenthalt/austauschprogramme/index.de.jsp
2026-01-07 10:24:18,524 - ERROR - Error fetching https://www.tu-darmstadt.de/studieren/studierende_tu/auslandsaufenthalt/austauschprogramme/index.de.jsp: 404 Client Error:  for url: https://www.tu-darmstadt.de/studieren/studierende_tu/auslandsaufenthalt/austauschprogramme/index.de.jsp
2026-01-07 10:24:18,525 - ERROR - [2026-01-07T10:24:18.525797] TU Darmstadt (https://www.tu-darmstadt.de/studieren/studierende_tu/auslandsaufenthalt/austauschprogramme/index.de.jsp): Could not fetch main page

2026-01-07 10:24:18,526 - INFO - Sleeping 3 seconds before next request...
2026-01-07 10:24:21,531 - INFO - 
[10/10] Processing Uni Potsdam...
2026-01-07 10:24:21,532 - INFO - 
============================================================
2026-01-07 10:24:21,533 - INFO - Harvesting: Uni Potsdam
2026-01-07 10:24:21,533 - INFO - URL: https://www.uni-potsdam.de/de/international/outgoing/studium/erasmus
2026-01-07 10:24:21,533 - INFO - ============================================================
2026-01-07 10:24:21,533 - INFO - Fetching: https://www.uni-potsdam.de/de/international/outgoing/studium/erasmus
2026-01-07 10:24:21,733 - INFO - ✅ Successfully harvested 1 unique partners
2026-01-07 10:24:21,733 - INFO - 
============================================================
2026-01-07 10:24:21,733 - INFO - HARVEST SUMMARY
2026-01-07 10:24:21,734 - INFO - ============================================================
2026-01-07 10:24:21,734 - INFO - Total universities processed: 10
2026-01-07 10:24:21,734 - INFO - Universities with partners: 3
2026-01-07 10:24:21,734 - INFO - Total partners harvested: 43
2026-01-07 10:24:21,734 - INFO - Average partners per university: 4.3
2026-01-07 10:24:21,734 - INFO - ============================================================
2026-01-07 10:24:21,734 - INFO - Backup created: /Users/maurice/Desktop/mystudycosts.com/data/batch1_erasmus_data.json.backup
2026-01-07 10:24:21,735 - INFO - Results saved to: /Users/maurice/Desktop/mystudycosts.com/data/batch1_erasmus_data.json
2026-01-07 10:24:21,735 - INFO - 
✅ Harvest complete!
2026-01-07 10:24:21,735 - INFO - 📁 Results saved to: /Users/maurice/Desktop/mystudycosts.com/data/batch1_erasmus_data.json
2026-01-07 10:24:21,735 - INFO - ⚠️  Errors logged to: /Users/maurice/Desktop/mystudycosts.com/data/scripts/harvest_errors.txt
